###############################################################################
#
# IAR ELF Linker V7.80.4.12462/W32 for ARM                29/Apr/2024  17:29:32
# Copyright 2007-2017 IAR Systems AB.
#
#    Output file  =  
#        C:\Users\221027001\OneDrive -
#        gecurrent\git-projects-ARM\Nucleo-L083-rc-sbus-to-pwm\EWARM\Nucleo-L083-rc-sbus-to-pwm\Exe\Nucleo-L083-rc-sbus-to-pwm.out
#    Map file     =  
#        C:\Users\221027001\OneDrive -
#        gecurrent\git-projects-ARM\Nucleo-L083-rc-sbus-to-pwm\EWARM\Nucleo-L083-rc-sbus-to-pwm\List\Nucleo-L083-rc-sbus-to-pwm.map
#    Command line =  
#        "C:\Users\221027001\OneDrive -
#        gecurrent\git-projects-ARM\Nucleo-L083-rc-sbus-to-pwm\EWARM\Nucleo-L083-rc-sbus-to-pwm\Obj\main.o"
#        "C:\Users\221027001\OneDrive -
#        gecurrent\git-projects-ARM\Nucleo-L083-rc-sbus-to-pwm\EWARM\Nucleo-L083-rc-sbus-to-pwm\Obj\startup_stm32l053xx.o"
#        "C:\Users\221027001\OneDrive -
#        gecurrent\git-projects-ARM\Nucleo-L083-rc-sbus-to-pwm\EWARM\Nucleo-L083-rc-sbus-to-pwm\Obj\stm32l0xx_hal.o"
#        "C:\Users\221027001\OneDrive -
#        gecurrent\git-projects-ARM\Nucleo-L083-rc-sbus-to-pwm\EWARM\Nucleo-L083-rc-sbus-to-pwm\Obj\stm32l0xx_hal_cortex.o"
#        "C:\Users\221027001\OneDrive -
#        gecurrent\git-projects-ARM\Nucleo-L083-rc-sbus-to-pwm\EWARM\Nucleo-L083-rc-sbus-to-pwm\Obj\stm32l0xx_hal_dma.o"
#        "C:\Users\221027001\OneDrive -
#        gecurrent\git-projects-ARM\Nucleo-L083-rc-sbus-to-pwm\EWARM\Nucleo-L083-rc-sbus-to-pwm\Obj\stm32l0xx_hal_exti.o"
#        "C:\Users\221027001\OneDrive -
#        gecurrent\git-projects-ARM\Nucleo-L083-rc-sbus-to-pwm\EWARM\Nucleo-L083-rc-sbus-to-pwm\Obj\stm32l0xx_hal_flash.o"
#        "C:\Users\221027001\OneDrive -
#        gecurrent\git-projects-ARM\Nucleo-L083-rc-sbus-to-pwm\EWARM\Nucleo-L083-rc-sbus-to-pwm\Obj\stm32l0xx_hal_flash_ex.o"
#        "C:\Users\221027001\OneDrive -
#        gecurrent\git-projects-ARM\Nucleo-L083-rc-sbus-to-pwm\EWARM\Nucleo-L083-rc-sbus-to-pwm\Obj\stm32l0xx_hal_flash_ramfunc.o"
#        "C:\Users\221027001\OneDrive -
#        gecurrent\git-projects-ARM\Nucleo-L083-rc-sbus-to-pwm\EWARM\Nucleo-L083-rc-sbus-to-pwm\Obj\stm32l0xx_hal_gpio.o"
#        "C:\Users\221027001\OneDrive -
#        gecurrent\git-projects-ARM\Nucleo-L083-rc-sbus-to-pwm\EWARM\Nucleo-L083-rc-sbus-to-pwm\Obj\stm32l0xx_hal_i2c.o"
#        "C:\Users\221027001\OneDrive -
#        gecurrent\git-projects-ARM\Nucleo-L083-rc-sbus-to-pwm\EWARM\Nucleo-L083-rc-sbus-to-pwm\Obj\stm32l0xx_hal_i2c_ex.o"
#        "C:\Users\221027001\OneDrive -
#        gecurrent\git-projects-ARM\Nucleo-L083-rc-sbus-to-pwm\EWARM\Nucleo-L083-rc-sbus-to-pwm\Obj\stm32l0xx_hal_msp.o"
#        "C:\Users\221027001\OneDrive -
#        gecurrent\git-projects-ARM\Nucleo-L083-rc-sbus-to-pwm\EWARM\Nucleo-L083-rc-sbus-to-pwm\Obj\stm32l0xx_hal_pwr.o"
#        "C:\Users\221027001\OneDrive -
#        gecurrent\git-projects-ARM\Nucleo-L083-rc-sbus-to-pwm\EWARM\Nucleo-L083-rc-sbus-to-pwm\Obj\stm32l0xx_hal_pwr_ex.o"
#        "C:\Users\221027001\OneDrive -
#        gecurrent\git-projects-ARM\Nucleo-L083-rc-sbus-to-pwm\EWARM\Nucleo-L083-rc-sbus-to-pwm\Obj\stm32l0xx_hal_rcc.o"
#        "C:\Users\221027001\OneDrive -
#        gecurrent\git-projects-ARM\Nucleo-L083-rc-sbus-to-pwm\EWARM\Nucleo-L083-rc-sbus-to-pwm\Obj\stm32l0xx_hal_rcc_ex.o"
#        "C:\Users\221027001\OneDrive -
#        gecurrent\git-projects-ARM\Nucleo-L083-rc-sbus-to-pwm\EWARM\Nucleo-L083-rc-sbus-to-pwm\Obj\stm32l0xx_hal_rtc.o"
#        "C:\Users\221027001\OneDrive -
#        gecurrent\git-projects-ARM\Nucleo-L083-rc-sbus-to-pwm\EWARM\Nucleo-L083-rc-sbus-to-pwm\Obj\stm32l0xx_hal_rtc_ex.o"
#        "C:\Users\221027001\OneDrive -
#        gecurrent\git-projects-ARM\Nucleo-L083-rc-sbus-to-pwm\EWARM\Nucleo-L083-rc-sbus-to-pwm\Obj\stm32l0xx_hal_tim.o"
#        "C:\Users\221027001\OneDrive -
#        gecurrent\git-projects-ARM\Nucleo-L083-rc-sbus-to-pwm\EWARM\Nucleo-L083-rc-sbus-to-pwm\Obj\stm32l0xx_hal_tim_ex.o"
#        "C:\Users\221027001\OneDrive -
#        gecurrent\git-projects-ARM\Nucleo-L083-rc-sbus-to-pwm\EWARM\Nucleo-L083-rc-sbus-to-pwm\Obj\stm32l0xx_hal_uart.o"
#        "C:\Users\221027001\OneDrive -
#        gecurrent\git-projects-ARM\Nucleo-L083-rc-sbus-to-pwm\EWARM\Nucleo-L083-rc-sbus-to-pwm\Obj\stm32l0xx_hal_uart_ex.o"
#        "C:\Users\221027001\OneDrive -
#        gecurrent\git-projects-ARM\Nucleo-L083-rc-sbus-to-pwm\EWARM\Nucleo-L083-rc-sbus-to-pwm\Obj\stm32l0xx_it.o"
#        "C:\Users\221027001\OneDrive -
#        gecurrent\git-projects-ARM\Nucleo-L083-rc-sbus-to-pwm\EWARM\Nucleo-L083-rc-sbus-to-pwm\Obj\stm32l0xx_ll_exti.o"
#        "C:\Users\221027001\OneDrive -
#        gecurrent\git-projects-ARM\Nucleo-L083-rc-sbus-to-pwm\EWARM\Nucleo-L083-rc-sbus-to-pwm\Obj\stm32l0xx_ll_gpio.o"
#        "C:\Users\221027001\OneDrive -
#        gecurrent\git-projects-ARM\Nucleo-L083-rc-sbus-to-pwm\EWARM\Nucleo-L083-rc-sbus-to-pwm\Obj\stm32l0xx_ll_rcc.o"
#        "C:\Users\221027001\OneDrive -
#        gecurrent\git-projects-ARM\Nucleo-L083-rc-sbus-to-pwm\EWARM\Nucleo-L083-rc-sbus-to-pwm\Obj\stm32l0xx_ll_utils.o"
#        "C:\Users\221027001\OneDrive -
#        gecurrent\git-projects-ARM\Nucleo-L083-rc-sbus-to-pwm\EWARM\Nucleo-L083-rc-sbus-to-pwm\Obj\system_stm32l0xx.o"
#        --redirect _Printf=_PrintfFull --redirect _Scanf=_ScanfFull -o
#        "C:\Users\221027001\OneDrive -
#        gecurrent\git-projects-ARM\Nucleo-L083-rc-sbus-to-pwm\EWARM\Nucleo-L083-rc-sbus-to-pwm\Exe\Nucleo-L083-rc-sbus-to-pwm.out"
#        --map "C:\Users\221027001\OneDrive -
#        gecurrent\git-projects-ARM\Nucleo-L083-rc-sbus-to-pwm\EWARM\Nucleo-L083-rc-sbus-to-pwm\List\Nucleo-L083-rc-sbus-to-pwm.map"
#        --config "C:\Users\221027001\OneDrive -
#        gecurrent\git-projects-ARM\Nucleo-L083-rc-sbus-to-pwm\EWARM/stm32l053xx_flash.icf"
#        --semihosting --entry __iar_program_start --vfe
#
###############################################################################

*******************************************************************************
*** RUNTIME MODEL ATTRIBUTES
***

CppFlavor       = *
__SystemLibrary = DLib


*******************************************************************************
*** PLACEMENT SUMMARY
***

"A0":  place at 0x08000000 { ro section .intvec };
"P1":  place in [from 0x08000000 to 0x0800ffff] { ro };
"P2":  place in [from 0x20000000 to 0x20001fff] { rw, block CSTACK, block HEAP };
initialize by copy { rw };

  Section            Kind        Address    Size  Object
  -------            ----        -------    ----  ------
"A0":                                       0xc0
  .intvec            ro code  0x08000000    0xc0  startup_stm32l053xx.o [1]
                            - 0x080000c0    0xc0

"P1":                                     0x27ec
  .text              ro code  0x080000c0   0x6e4  stm32l0xx_hal_rcc.o [1]
  .text              ro code  0x080007a4    0x44  stm32l0xx_hal.o [1]
  .text              ro code  0x080007e8     0xc  stm32l0xx_hal.o [1]
  .text              ro code  0x080007f4    0x32  I64Mul.o [4]
  .text              ro code  0x08000826    0x6a  I64DivMod.o [4]
  .text              ro code  0x08000890    0xae  I32DivModFast.o [4]
  .text              ro code  0x0800093e     0x2  startup_stm32l053xx.o [1]
  .text              ro code  0x08000940    0x88  stm32l0xx_hal_cortex.o [1]
  .text              ro code  0x080009c8     0x2  I64DivZer.o [4]
  .text              ro code  0x080009ca     0x2  startup_stm32l053xx.o [1]
  .text              ro code  0x080009cc     0x2  IntDivZer.o [4]
  .text              ro code  0x080009ce     0x2  startup_stm32l053xx.o [1]
  .text              ro code  0x080009d0   0x514  stm32l0xx_hal_uart.o [1]
  .text              ro code  0x08000ee4   0x1c4  stm32l0xx_hal_msp.o [1]
  .text              ro code  0x080010a8    0x34  ABImemset.o [4]
  .text              ro code  0x080010dc   0x1cc  stm32l0xx_hal_gpio.o [1]
  .text              ro code  0x080012a8   0x17e  stm32l0xx_hal_dma.o [1]
  .text              ro code  0x08001426     0x2  startup_stm32l053xx.o [1]
  .text              ro code  0x08001428   0x3d8  main.o [1]
  .text              ro code  0x08001800    0x28  stm32l0xx_hal.o [1]
  .text              ro code  0x08001828    0x36  stm32l0xx_hal_pwr.o [1]
  .text              ro code  0x0800185e     0x2  startup_stm32l053xx.o [1]
  .text              ro code  0x08001860   0x1d8  stm32l0xx_hal_rcc_ex.o [1]
  .text              ro code  0x08001a38   0x4e4  stm32l0xx_hal_rtc.o [1]
  .text              ro code  0x08001f1c   0x14c  stm32l0xx_hal_rtc_ex.o [1]
  .text              ro code  0x08002068   0x4bc  stm32l0xx_hal_tim.o [1]
  .text              ro code  0x08002524    0x58  stm32l0xx_hal_tim_ex.o [1]
  .text              ro code  0x0800257c    0xa8  stm32l0xx_ll_exti.o [1]
  .text              ro code  0x08002624    0xa6  stm32l0xx_ll_gpio.o [1]
  .text              ro code  0x080026ca     0x2  stm32l0xx_hal_rtc.o [1]
  .text              ro code  0x080026cc     0x2  stm32l0xx_hal_rtc_ex.o [1]
  .text              ro code  0x080026ce     0x2  stm32l0xx_hal_rtc_ex.o [1]
  .text              ro code  0x080026d0     0x2  stm32l0xx_hal_tim.o [1]
  .text              ro code  0x080026d2     0x2  stm32l0xx_hal_tim.o [1]
  .text              ro code  0x080026d4     0x2  stm32l0xx_hal_tim.o [1]
  .text              ro code  0x080026d6     0x2  stm32l0xx_hal_tim.o [1]
  .text              ro code  0x080026d8     0x2  stm32l0xx_hal_tim.o [1]
  .text              ro code  0x080026da     0x2  stm32l0xx_hal_tim.o [1]
  .text              ro code  0x080026dc    0x4c  stm32l0xx_it.o [1]
  .text              ro code  0x08002728    0x10  stm32l0xx_hal.o [1]
  .text              ro code  0x08002738    0x3c  zero_init3.o [4]
  .text              ro code  0x08002774    0x30  copy_init3.o [4]
  .text              ro code  0x080027a4    0x28  data_init.o [4]
  .iar.init_table    const    0x080027cc    0x24  - Linker created -
  .text              ro code  0x080027f0    0x20  system_stm32l0xx.o [1]
  .text              ro code  0x08002810    0x1a  cmain.o [4]
  .text              ro code  0x0800282a     0x4  low_level_init.o [3]
  .text              ro code  0x0800282e     0x8  exit.o [3]
  .text              ro code  0x08002836     0x2  startup_stm32l053xx.o [1]
  .text              ro code  0x08002838     0xa  cexit.o [4]
  .text              ro code  0x08002842     0x2  startup_stm32l053xx.o [1]
  .text              ro code  0x08002844    0x14  exit.o [5]
  .text              ro code  0x08002858    0x10  startup_stm32l053xx.o [1]
  Initializer bytes  const    0x08002868    0x10  <for P2-1>
  .text              ro code  0x08002878     0xc  cstartup_M.o [4]
  .rodata            const    0x08002884     0x8  system_stm32l0xx.o [1]
  .text              ro code  0x0800288c     0x2  startup_stm32l053xx.o [1]
  .text              ro code  0x0800288e     0x2  startup_stm32l053xx.o [1]
  .text              ro code  0x08002890     0x2  startup_stm32l053xx.o [1]
  .text              ro code  0x08002892     0x2  startup_stm32l053xx.o [1]
  .text              ro code  0x08002894     0x2  startup_stm32l053xx.o [1]
  .text              ro code  0x08002896     0x2  startup_stm32l053xx.o [1]
  .text              ro code  0x08002898     0x2  startup_stm32l053xx.o [1]
  .text              ro code  0x0800289a     0x2  startup_stm32l053xx.o [1]
  .text              ro code  0x0800289c     0x2  startup_stm32l053xx.o [1]
  .text              ro code  0x0800289e     0x2  startup_stm32l053xx.o [1]
  .text              ro code  0x080028a0     0x2  startup_stm32l053xx.o [1]
  .text              ro code  0x080028a2     0x2  startup_stm32l053xx.o [1]
  .text              ro code  0x080028a4     0x2  startup_stm32l053xx.o [1]
  .text              ro code  0x080028a6     0x2  startup_stm32l053xx.o [1]
  .text              ro code  0x080028a8     0x2  startup_stm32l053xx.o [1]
  .text              ro code  0x080028aa     0x2  startup_stm32l053xx.o [1]
  .rodata            const    0x080028ac     0x0  zero_init3.o [4]
  .rodata            const    0x080028ac     0x0  copy_init3.o [4]
                            - 0x080028ac  0x27ec

"P2", part 1 of 3:                          0x10
  P2-1                        0x20000000    0x10  <Init block>
    .data            inited   0x20000000     0xc  stm32l0xx_hal.o [1]
    .data            inited   0x2000000c     0x4  system_stm32l0xx.o [1]
                            - 0x20000010    0x10

"P2", part 2 of 3:                         0x400
  CSTACK                      0x20000010   0x400  <Block>
    CSTACK           uninit   0x20000010   0x400  <Block tail>
                            - 0x20000410   0x400

"P2", part 3 of 3:                         0x1bc
  .bss               zero     0x20000410   0x110  main.o [1]
  .bss               zero     0x20000520    0x48  main.o [1]
  .bss               zero     0x20000568    0x40  main.o [1]
  .bss               zero     0x200005a8    0x24  main.o [1]
                            - 0x200005cc   0x1bc


*******************************************************************************
*** INIT TABLE
***

          Address     Size
          -------     ----
Zero (__iar_zero_init3)
    1 destination range, total size 0x1bc:
          0x20000410  0x1bc

Copy (__iar_copy_init3)
    1 source range, total size 0x10:
          0x08002868   0x10
    1 destination range, total size 0x10:
          0x20000000   0x10



*******************************************************************************
*** MODULE SUMMARY
***

    Module                  ro code  ro data  rw data
    ------                  -------  -------  -------
C:\Users\221027001\OneDrive - gecurrent\git-projects-ARM\Nucleo-L083-rc-sbus-to-pwm\EWARM\Nucleo-L083-rc-sbus-to-pwm\Obj: [1]
    main.o                      984               444
    startup_stm32l053xx.o       254
    stm32l0xx_hal.o             136       12       12
    stm32l0xx_hal_cortex.o      136
    stm32l0xx_hal_dma.o         382
    stm32l0xx_hal_gpio.o        460
    stm32l0xx_hal_msp.o         452
    stm32l0xx_hal_pwr.o          54
    stm32l0xx_hal_rcc.o       1 764
    stm32l0xx_hal_rcc_ex.o      472
    stm32l0xx_hal_rtc.o       1 254
    stm32l0xx_hal_rtc_ex.o      336
    stm32l0xx_hal_tim.o       1 224
    stm32l0xx_hal_tim_ex.o       88
    stm32l0xx_hal_uart.o      1 300
    stm32l0xx_it.o               76
    stm32l0xx_ll_exti.o         168
    stm32l0xx_ll_gpio.o         166
    system_stm32l0xx.o           32       12        4
    -------------------------------------------------
    Total:                    9 738       24      460

command line: [2]
    -------------------------------------------------
    Total:

dl6M_tln.a: [3]
    exit.o                        8
    low_level_init.o              4
    -------------------------------------------------
    Total:                       12

rt6M_tl.a: [4]
    ABImemset.o                  52
    I32DivModFast.o             174
    I64DivMod.o                 106
    I64DivZer.o                   2
    I64Mul.o                     50
    IntDivZer.o                   2
    cexit.o                      10
    cmain.o                      26
    copy_init3.o                 48
    cstartup_M.o                 12
    data_init.o                  40
    zero_init3.o                 60
    -------------------------------------------------
    Total:                      582

shb_l.a: [5]
    exit.o                       20
    -------------------------------------------------
    Total:                       20

    Linker created                        36    1 024
-----------------------------------------------------
    Grand Total:             10 352       60    1 484


*******************************************************************************
*** ENTRY LIST
***

Entry                      Address   Size  Type      Object
-----                      -------   ----  ----      ------
.iar.init_table$$Base   0x080027cc          --   Gb  - Linker created -
.iar.init_table$$Limit  0x080027f0          --   Gb  - Linker created -
?main                   0x08002811         Code  Gb  cmain.o [4]
AHBPrescTable           0x080027f4   0x10  Data  Gb  system_stm32l0xx.o [1]
APBPrescTable           0x08002884    0x8  Data  Gb  system_stm32l0xx.o [1]
CSTACK$$Base            0x20000010          --   Gb  - Linker created -
CSTACK$$Limit           0x20000410          --   Gb  - Linker created -
DMA1_Channel2_3_IRQHandler
                        0x08002707    0xa  Code  Gb  stm32l0xx_it.o [1]
Error_Handler           0x080017e9    0x4  Code  Gb  main.o [1]
HAL_DMA_IRQHandler      0x0800133d   0xea  Code  Gb  stm32l0xx_hal_dma.o [1]
HAL_DMA_Init            0x080012a9   0x82  Code  Gb  stm32l0xx_hal_dma.o [1]
HAL_GPIO_Init           0x080010dd  0x1b0  Code  Gb  stm32l0xx_hal_gpio.o [1]
HAL_GetTick             0x080007e9    0xc  Code  Wk  stm32l0xx_hal.o [1]
HAL_IncTick             0x08002729   0x10  Code  Wk  stm32l0xx_hal.o [1]
HAL_Init                0x08001801   0x24  Code  Gb  stm32l0xx_hal.o [1]
HAL_InitTick            0x080007a5   0x44  Code  Wk  stm32l0xx_hal.o [1]
HAL_MspInit             0x08000ee5   0x28  Code  Gb  stm32l0xx_hal_msp.o [1]
HAL_NVIC_EnableIRQ      0x0800097d   0x12  Code  Gb  stm32l0xx_hal_cortex.o [1]
HAL_NVIC_SetPriority    0x08000975    0x8  Code  Gb  stm32l0xx_hal_cortex.o [1]
HAL_PWR_EnableBkUpAccess
                        0x08001829    0x8  Code  Gb  stm32l0xx_hal_pwr.o [1]
HAL_PWR_PVDCallback     0x0800185d    0x2  Code  Wk  stm32l0xx_hal_pwr.o [1]
HAL_PWR_PVD_IRQHandler  0x0800183b   0x16  Code  Gb  stm32l0xx_hal_pwr.o [1]
HAL_RCCEx_PeriphCLKConfig
                        0x08001861  0x1aa  Code  Gb  stm32l0xx_hal_rcc_ex.o [1]
HAL_RCC_ClockConfig     0x0800053d  0x186  Code  Gb  stm32l0xx_hal_rcc.o [1]
HAL_RCC_GetPCLK1Freq    0x08000747    0xe  Code  Gb  stm32l0xx_hal_rcc.o [1]
HAL_RCC_GetPCLK2Freq    0x08000765    0xc  Code  Gb  stm32l0xx_hal_rcc.o [1]
HAL_RCC_GetSysClockFreq
                        0x080006d5   0x72  Code  Gb  stm32l0xx_hal_rcc.o [1]
HAL_RCC_OscConfig       0x080000c1  0x468  Code  Gb  stm32l0xx_hal_rcc.o [1]
HAL_RTCEx_AlarmBEventCallback
                        0x080026cd    0x2  Code  Wk  stm32l0xx_hal_rtc_ex.o [1]
HAL_RTCEx_SetWakeUpTimer_IT
                        0x08001f1d   0xde  Code  Gb  stm32l0xx_hal_rtc_ex.o [1]
HAL_RTCEx_WakeUpTimerEventCallback
                        0x080026cf    0x2  Code  Wk  stm32l0xx_hal_rtc_ex.o [1]
HAL_RTCEx_WakeUpTimerIRQHandler
                        0x08002021   0x34  Code  Gb  stm32l0xx_hal_rtc_ex.o [1]
HAL_RTC_AlarmAEventCallback
                        0x080026cb    0x2  Code  Wk  stm32l0xx_hal_rtc.o [1]
HAL_RTC_AlarmIRQHandler
                        0x08001dfd   0x52  Code  Gb  stm32l0xx_hal_rtc.o [1]
HAL_RTC_Init            0x08001a39   0xa6  Code  Gb  stm32l0xx_hal_rtc.o [1]
HAL_RTC_MspInit         0x08000f0d   0x2a  Code  Gb  stm32l0xx_hal_msp.o [1]
HAL_RTC_SetAlarm_IT     0x08001c49  0x19e  Code  Gb  stm32l0xx_hal_rtc.o [1]
HAL_RTC_SetDate         0x08001b99   0xa0  Code  Gb  stm32l0xx_hal_rtc.o [1]
HAL_RTC_SetTime         0x08001adf   0xba  Code  Gb  stm32l0xx_hal_rtc.o [1]
HAL_RTC_WaitForSynchro  0x08001e4f   0x2c  Code  Gb  stm32l0xx_hal_rtc.o [1]
HAL_SYSTICK_Config      0x0800098f   0x28  Code  Gb  stm32l0xx_hal_cortex.o [1]
HAL_TIMEx_MasterConfigSynchronization
                        0x08002525   0x4e  Code  Gb  stm32l0xx_hal_tim_ex.o [1]
HAL_TIM_Base_Init       0x08002069   0x1e  Code  Gb  stm32l0xx_hal_tim.o [1]
HAL_TIM_Base_MspInit    0x08000f37   0x2a  Code  Gb  stm32l0xx_hal_msp.o [1]
HAL_TIM_ConfigClockSource
                        0x080022b9   0xcc  Code  Gb  stm32l0xx_hal_tim.o [1]
HAL_TIM_IC_CaptureCallback
                        0x080026d3    0x2  Code  Wk  stm32l0xx_hal_tim.o [1]
HAL_TIM_IRQHandler      0x080020c3  0x118  Code  Gb  stm32l0xx_hal_tim.o [1]
HAL_TIM_MspPostInit     0x08000f61   0x6c  Code  Gb  stm32l0xx_hal_msp.o [1]
HAL_TIM_OC_DelayElapsedCallback
                        0x080026d5    0x2  Code  Wk  stm32l0xx_hal_tim.o [1]
HAL_TIM_PWM_ConfigChannel
                        0x080021db   0xda  Code  Gb  stm32l0xx_hal_tim.o [1]
HAL_TIM_PWM_Init        0x080020a5   0x1e  Code  Gb  stm32l0xx_hal_tim.o [1]
HAL_TIM_PWM_MspInit     0x080026d1    0x2  Code  Wk  stm32l0xx_hal_tim.o [1]
HAL_TIM_PWM_PulseFinishedCallback
                        0x080026d7    0x2  Code  Wk  stm32l0xx_hal_tim.o [1]
HAL_TIM_PeriodElapsedCallback
                        0x080026d9    0x2  Code  Wk  stm32l0xx_hal_tim.o [1]
HAL_TIM_TriggerCallback
                        0x080026db    0x2  Code  Wk  stm32l0xx_hal_tim.o [1]
HAL_UART_Init           0x080009d1   0x56  Code  Gb  stm32l0xx_hal_uart.o [1]
HAL_UART_MspInit        0x08000fcd   0xb4  Code  Gb  stm32l0xx_hal_msp.o [1]
HardFault_Handler       0x080026df    0x2  Code  Gb  stm32l0xx_it.o [1]
LL_EXTI_Init            0x0800257d   0xa2  Code  Gb  stm32l0xx_ll_exti.o [1]
LL_GPIO_Init            0x08002625   0xa6  Code  Gb  stm32l0xx_ll_gpio.o [1]
LL_IOP_GRP1_EnableClock
                        0x08001429   0x16  Code  Lc  main.o [1]
MX_GPIO_Init            0x08001741   0x7c  Code  Lc  main.o [1]
MX_RTC_Init             0x08001579   0xca  Code  Lc  main.o [1]
MX_TIM2_Init            0x08001645   0xe8  Code  Lc  main.o [1]
NMI_Handler             0x080026dd    0x2  Code  Gb  stm32l0xx_it.o [1]
PLLMulTable             0x08002804    0xc  Data  Gb  system_stm32l0xx.o [1]
PVD_IRQHandler          0x080026ed    0x8  Code  Gb  stm32l0xx_it.o [1]
PendSV_Handler          0x080026e3    0x2  Code  Gb  stm32l0xx_it.o [1]
RTC_ByteToBcd2          0x08001f07   0x16  Code  Gb  stm32l0xx_hal_rtc.o [1]
RTC_EnterInitMode       0x08001e7b   0x42  Code  Gb  stm32l0xx_hal_rtc.o [1]
RTC_ExitInitMode        0x08001ed9   0x2e  Code  Gb  stm32l0xx_hal_rtc.o [1]
RTC_IRQHandler          0x080026f5   0x12  Code  Gb  stm32l0xx_it.o [1]
Region$$Table$$Base     0x080027cc          --   Gb  - Linker created -
Region$$Table$$Limit    0x080027f0          --   Gb  - Linker created -
SVC_Handler             0x080026e1    0x2  Code  Gb  stm32l0xx_it.o [1]
SysTick_Handler         0x080026e5    0x8  Code  Gb  stm32l0xx_it.o [1]
SystemClock_Config      0x080014d9   0xa0  Code  Gb  main.o [1]
SystemCoreClock         0x2000000c    0x4  Data  Gb  system_stm32l0xx.o [1]
SystemInit              0x080027f1    0x2  Code  Gb  system_stm32l0xx.o [1]
TIM2_IRQHandler         0x08002711    0xa  Code  Gb  stm32l0xx_it.o [1]
TIM_Base_SetConfig      0x08002389   0x4e  Code  Lc  stm32l0xx_hal_tim.o [1]
TIM_ETR_SetConfig       0x080024e9   0x14  Code  Lc  stm32l0xx_hal_tim.o [1]
TIM_ITRx_SetConfig      0x080024d9   0x10  Code  Lc  stm32l0xx_hal_tim.o [1]
TIM_OC1_SetConfig       0x080023d9   0x2c  Code  Lc  stm32l0xx_hal_tim.o [1]
TIM_OC2_SetConfig       0x08002405   0x30  Code  Lc  stm32l0xx_hal_tim.o [1]
TIM_OC3_SetConfig       0x08002435   0x2e  Code  Lc  stm32l0xx_hal_tim.o [1]
TIM_OC4_SetConfig       0x08002463   0x30  Code  Lc  stm32l0xx_hal_tim.o [1]
TIM_TI1_ConfigInputStage
                        0x08002493   0x22  Code  Lc  stm32l0xx_hal_tim.o [1]
TIM_TI2_ConfigInputStage
                        0x080024b5   0x24  Code  Lc  stm32l0xx_hal_tim.o [1]
UART_AdvFeatureConfig   0x08000c45   0xc8  Code  Gb  stm32l0xx_hal_uart.o [1]
UART_CheckIdleState     0x08000d19   0xb0  Code  Gb  stm32l0xx_hal_uart.o [1]
UART_EndRxTransfer      0x08000e7d   0x5e  Code  Lc  stm32l0xx_hal_uart.o [1]
UART_SetConfig          0x08000a3d  0x1ec  Code  Gb  stm32l0xx_hal_uart.o [1]
UART_WaitOnFlagUntilTimeout
                        0x08000dd1   0x86  Code  Gb  stm32l0xx_hal_uart.o [1]
__NVIC_SetPriority      0x08000941   0x34  Code  Lc  stm32l0xx_hal_cortex.o [1]
__aeabi_idiv0           0x080009cd         Code  Gb  IntDivZer.o [4]
__aeabi_ldiv0           0x080009c9         Code  Gb  I64DivZer.o [4]
__aeabi_lmul            0x080007f5         Code  Gb  I64Mul.o [4]
__aeabi_memclr4         0x080010d9         Code  Gb  ABImemset.o [4]
__aeabi_memclr8         0x080010d9         Code  Gb  ABImemset.o [4]
__aeabi_uidiv           0x08000891         Code  Gb  I32DivModFast.o [4]
__aeabi_uidivmod        0x08000891         Code  Gb  I32DivModFast.o [4]
__aeabi_uldivmod        0x08000827         Code  Gb  I64DivMod.o [4]
__cmain                 0x08002811         Code  Gb  cmain.o [4]
__exit                  0x08002845   0x14  Code  Gb  exit.o [5]
__iar_Memset4_word      0x080010a9         Code  Gb  ABImemset.o [4]
__iar_copy_init3        0x08002775   0x30  Code  Gb  copy_init3.o [4]
__iar_data_init3        0x080027a5   0x28  Code  Gb  data_init.o [4]
__iar_program_start     0x08002879         Code  Gb  cstartup_M.o [4]
__iar_zero_init3        0x08002739   0x3c  Code  Gb  zero_init3.o [4]
__low_level_init        0x0800282b    0x4  Code  Gb  low_level_init.o [3]
__vector_table          0x08000000         Data  Gb  startup_stm32l053xx.o [1]
_call_main              0x0800281d         Code  Gb  cmain.o [4]
_exit                   0x08002839         Code  Gb  cexit.o [4]
_main                   0x08002827         Code  Gb  cmain.o [4]
exit                    0x0800282f    0x8  Code  Gb  exit.o [3]
hdma_usart1_rx          0x20000520   0x48  Data  Gb  main.o [1]
hrtc                    0x200005a8   0x24  Data  Gb  main.o [1]
htim2                   0x20000568   0x40  Data  Gb  main.o [1]
huart1                  0x20000410   0x88  Data  Gb  main.o [1]
huart2                  0x20000498   0x88  Data  Gb  main.o [1]
main                    0x0800143f   0x9a  Code  Gb  main.o [1]
uwTick                  0x20000004    0x4  Data  Gb  stm32l0xx_hal.o [1]
uwTickFreq              0x20000000    0x1  Data  Gb  stm32l0xx_hal.o [1]
uwTickPrio              0x20000008    0x4  Data  Gb  stm32l0xx_hal.o [1]


[1] = C:\Users\221027001\OneDrive - gecurrent\git-projects-ARM\Nucleo-L083-rc-sbus-to-pwm\EWARM\Nucleo-L083-rc-sbus-to-pwm\Obj
[2] = command line
[3] = dl6M_tln.a
[4] = rt6M_tl.a
[5] = shb_l.a

  10 352 bytes of readonly  code memory
      60 bytes of readonly  data memory
   1 484 bytes of readwrite data memory

Errors: none
Warnings: none
